[
    {
        "name": "base",
        "label": "Base dataset with metadata for all variables",
        "lang": "en",
        "description": "This is a base dataset containing metadata for all variables used across all other datasets. Other datasets include it to avoid duplicating metadata.",
        "meta": {
            "Source": {
                "Source_Mnemonic": "Census2021",
                "Source_Description": "The 2021 England and Wales Census",
                "Version": "1"
            },
            "Version": "1",
            "Database_Type": {
                "Database_Type_Code": "BASE",
                "Database_Type_Description": "Base dataset containing metadata for all variables used across all other datasets"
            }
        },
        "vars": [
            {
                "name": "CLASS1 (Codebook)",
                "label": "CLASS1 Label Internal",
                "description": "VAR1 Description",
                "meta": {
                    "Mnemonic_2011": null,
                    "Default_Classification_Flag": null,
                    "Version": "1",
                    "ONS_Variable": {
                        "Variable_Mnemonic": "VAR1",
                        "Variable_Mnemonic_2011": null,
                        "Version": "1",
                        "Quality_Statement_Text": null,
                        "Quality_Summary_URL": null,
                        "Variable_Title": "VAR1 Title",
                        "Comparability_Comments": "VAR1 Comparability Comments",
                        "Uk_Comparison_Comments": "VAR1 UK Comparison Comments",
                        "Geographic_Theme": null,
                        "Geographic_Coverage": null,
                        "Variable_Type": {
                            "Variable_Type_Code": "DVO",
                            "Variable_Type_Description": "Derived variable"
                        },
                        "Statistical_Unit": null,
                        "Topic": null,
                        "Questions": []
                    },
                    "Topics": []
                },
                "catLabels": null
            },
            {
                "name": "CLASS3",
                "label": "CLASS3 Label Internal",
                "description": "VAR3 Description",
                "meta": {
                    "Mnemonic_2011": null,
                    "Default_Classification_Flag": null,
                    "Version": "1",
                    "ONS_Variable": {
                        "Variable_Mnemonic": "VAR3",
                        "Variable_Mnemonic_2011": null,
                        "Version": "1",
                        "Quality_Statement_Text": null,
                        "Quality_Summary_URL": null,
                        "Variable_Title": "VAR3 Title",
                        "Comparability_Comments": "VAR3 Comparability Comments",
                        "Uk_Comparison_Comments": "VAR3 UK Comparison Comments",
                        "Geographic_Theme": null,
                        "Geographic_Coverage": null,
                        "Variable_Type": {
                            "Variable_Type_Code": "DVO",
                            "Variable_Type_Description": "Derived variable"
                        },
                        "Statistical_Unit": null,
                        "Topic": null,
                        "Questions": []
                    },
                    "Topics": []
                },
                "catLabels": null
            },
            {
                "name": "CLASS4",
                "label": "CLASS4 Label Internal",
                "description": "VAR1 Description",
                "meta": {
                    "Mnemonic_2011": null,
                    "Default_Classification_Flag": null,
                    "Version": "1",
                    "ONS_Variable": {
                        "Variable_Mnemonic": "VAR1",
                        "Variable_Mnemonic_2011": null,
                        "Version": "1",
                        "Quality_Statement_Text": null,
                        "Quality_Summary_URL": null,
                        "Variable_Title": "VAR1 Title",
                        "Comparability_Comments": "VAR1 Comparability Comments",
                        "Uk_Comparison_Comments": "VAR1 UK Comparison Comments",
                        "Geographic_Theme": null,
                        "Geographic_Coverage": null,
                        "Variable_Type": {
                            "Variable_Type_Code": "DVO",
                            "Variable_Type_Description": "Derived variable"
                        },
                        "Statistical_Unit": null,
                        "Topic": null,
                        "Questions": []
                    },
                    "Topics": []
                },
                "catLabels": null
            },
            {
                "name": "CLASS5",
                "label": "CLASS5 Label Internal",
                "description": "VAR2 Description",
                "meta": {
                    "Mnemonic_2011": null,
                    "Default_Classification_Flag": null,
                    "Version": "1",
                    "ONS_Variable": {
                        "Variable_Mnemonic": "VAR2",
                        "Variable_Mnemonic_2011": null,
                        "Version": "1",
                        "Quality_Statement_Text": null,
                        "Quality_Summary_URL": null,
                        "Variable_Title": "VAR2 Title",
                        "Comparability_Comments": "VAR2 Comparability Comments",
                        "Uk_Comparison_Comments": "VAR2 UK Comparison Comments",
                        "Geographic_Theme": null,
                        "Geographic_Coverage": null,
                        "Variable_Type": {
                            "Variable_Type_Code": "DVO",
                            "Variable_Type_Description": "Derived variable"
                        },
                        "Statistical_Unit": null,
                        "Topic": null,
                        "Questions": []
                    },
                    "Topics": []
                },
                "catLabels": null
            },
            {
                "name": "GEO1",
                "label": "GEO1 Title",
                "description": "GEO1 Description",
                "meta": {
                    "Mnemonic_2011": null,
                    "Default_Classification_Flag": null,
                    "Version": "1",
                    "ONS_Variable": {
                        "Variable_Mnemonic": "GEO1",
                        "Variable_Mnemonic_2011": "GEO1 2011",
                        "Version": "1",
                        "Quality_Statement_Text": null,
                        "Quality_Summary_URL": null,
                        "Variable_Title": "GEO1 Title",
                        "Comparability_Comments": "GEO1 Comparability Comments",
                        "Uk_Comparison_Comments": "GEO1 UK Comparison Comments",
                        "Geographic_Theme": "GEO1 Theme",
                        "Geographic_Coverage": "GEO1 Coverage",
                        "Variable_Type": {
                            "Variable_Type_Code": "GEOG",
                            "Variable_Type_Description": "Geographic variable"
                        },
                        "Statistical_Unit": null,
                        "Topic": null,
                        "Questions": []
                    },
                    "Topics": []
                },
                "catLabels": null
            },
            {
                "name": "GEO2",
                "label": "GEO2 Title",
                "description": "GEO2 Description",
                "meta": {
                    "Mnemonic_2011": null,
                    "Default_Classification_Flag": null,
                    "Version": "1",
                    "ONS_Variable": {
                        "Variable_Mnemonic": "GEO2",
                        "Variable_Mnemonic_2011": "GEO2 2011",
                        "Version": "1",
                        "Quality_Statement_Text": null,
                        "Quality_Summary_URL": null,
                        "Variable_Title": "GEO2 Title",
                        "Comparability_Comments": "GEO2 Comparability Comments",
                        "Uk_Comparison_Comments": "GEO2 UK Comparison Comments",
                        "Geographic_Theme": null,
                        "Geographic_Coverage": "GEO2 Coverage",
                        "Variable_Type": {
                            "Variable_Type_Code": "GEOG",
                            "Variable_Type_Description": "Geographic variable"
                        },
                        "Statistical_Unit": null,
                        "Topic": null,
                        "Questions": []
                    },
                    "Topics": []
                },
                "catLabels": null
            },
            {
                "name": "GEO3",
                "label": "GEO3 Title",
                "description": "GEO3 Description",
                "meta": {
                    "Mnemonic_2011": null,
                    "Default_Classification_Flag": null,
                    "Version": "1",
                    "ONS_Variable": {
                        "Variable_Mnemonic": "GEO3",
                        "Variable_Mnemonic_2011": "GEO3 2011",
                        "Version": "1",
                        "Quality_Statement_Text": null,
                        "Quality_Summary_URL": null,
                        "Variable_Title": "GEO3 Title",
                        "Comparability_Comments": "GEO3 Comparability Comments",
                        "Uk_Comparison_Comments": "GEO3 UK Comparison Comments",
                        "Geographic_Theme": "GEO3 Theme",
                        "Geographic_Coverage": null,
                        "Variable_Type": {
                            "Variable_Type_Code": "GEOG",
                            "Variable_Type_Description": "Geographic variable"
                        },
                        "Statistical_Unit": null,
                        "Topic": null,
                        "Questions": []
                    },
                    "Topics": []
                },
                "catLabels": null
            },
            {
                "name": "GEO4",
                "label": "GEO4 Title",
                "description": "GEO4 Description",
                "meta": {
                    "Mnemonic_2011": null,
                    "Default_Classification_Flag": null,
                    "Version": "1",
                    "ONS_Variable": {
                        "Variable_Mnemonic": "GEO4",
                        "Variable_Mnemonic_2011": "GEO4 2011",
                        "Version": "1",
                        "Quality_Statement_Text": null,
                        "Quality_Summary_URL": null,
                        "Variable_Title": "GEO4 Title",
                        "Comparability_Comments": "GEO4 Comparability Comments",
                        "Uk_Comparison_Comments": "GEO4 UK Comparison Comments",
                        "Geographic_Theme": "GEO4 Theme",
                        "Geographic_Coverage": "GEO4 Coverage",
                        "Variable_Type": {
                            "Variable_Type_Code": "GEOG",
                            "Variable_Type_Description": "Geographic variable"
                        },
                        "Statistical_Unit": null,
                        "Topic": null,
                        "Questions": []
                    },
                    "Topics": []
                },
                "catLabels": null
            }
        ]
    },
    {
        "name": "base",
        "label": "Base dataset with metadata for all variables in Welsh",
        "lang": "cy",
        "description": "This is the Welsh version of the base dataset containing metadata for all variables.",
        "meta": {
            "Source": {
                "Source_Mnemonic": "Census2021",
                "Source_Description": "The 2021 England and Wales Census",
                "Version": "1"
            },
            "Version": "1",
            "Database_Type": {
                "Database_Type_Code": "BASE",
                "Database_Type_Description": "Base dataset containing metadata for all variables used across all other datasets"
            }
        },
        "vars": [
            {
                "name": "CLASS1 (Codebook)",
                "label": "CLASS1 Label Internal",
                "description": "VAR1 Description",
                "meta": {
                    "Mnemonic_2011": null,
                    "Default_Classification_Flag": null,
                    "Version": "1",
                    "ONS_Variable": {
                        "Variable_Mnemonic": "VAR1",
                        "Variable_Mnemonic_2011": null,
                        "Version": "1",
                        "Quality_Statement_Text": null,
                        "Quality_Summary_URL": null,
                        "Variable_Title": "VAR1 Title",
                        "Comparability_Comments": "VAR1 Comparability Comments",
                        "Uk_Comparison_Comments": "VAR1 UK Comparison Comments",
                        "Geographic_Theme": null,
                        "Geographic_Coverage": null,
                        "Variable_Type": {
                            "Variable_Type_Code": "DVO",
                            "Variable_Type_Description": "Derived variable"
                        },
                        "Statistical_Unit": null,
                        "Topic": null,
                        "Questions": []
                    },
                    "Topics": []
                },
                "catLabels": null
            },
            {
                "name": "CLASS3",
                "label": "CLASS3 Label Internal",
                "description": "VAR3 Description",
                "meta": {
                    "Mnemonic_2011": null,
                    "Default_Classification_Flag": null,
                    "Version": "1",
                    "ONS_Variable": {
                        "Variable_Mnemonic": "VAR3",
                        "Variable_Mnemonic_2011": null,
                        "Version": "1",
                        "Quality_Statement_Text": null,
                        "Quality_Summary_URL": null,
                        "Variable_Title": "VAR3 Title",
                        "Comparability_Comments": "VAR3 Comparability Comments",
                        "Uk_Comparison_Comments": "VAR3 UK Comparison Comments",
                        "Geographic_Theme": null,
                        "Geographic_Coverage": null,
                        "Variable_Type": {
                            "Variable_Type_Code": "DVO",
                            "Variable_Type_Description": "Derived variable"
                        },
                        "Statistical_Unit": null,
                        "Topic": null,
                        "Questions": []
                    },
                    "Topics": []
                },
                "catLabels": null
            },
            {
                "name": "CLASS4",
                "label": "CLASS4 Label Internal",
                "description": "VAR1 Description",
                "meta": {
                    "Mnemonic_2011": null,
                    "Default_Classification_Flag": null,
                    "Version": "1",
                    "ONS_Variable": {
                        "Variable_Mnemonic": "VAR1",
                        "Variable_Mnemonic_2011": null,
                        "Version": "1",
                        "Quality_Statement_Text": null,
                        "Quality_Summary_URL": null,
                        "Variable_Title": "VAR1 Title",
                        "Comparability_Comments": "VAR1 Comparability Comments",
                        "Uk_Comparison_Comments": "VAR1 UK Comparison Comments",
                        "Geographic_Theme": null,
                        "Geographic_Coverage": null,
                        "Variable_Type": {
                            "Variable_Type_Code": "DVO",
                            "Variable_Type_Description": "Derived variable"
                        },
                        "Statistical_Unit": null,
                        "Topic": null,
                        "Questions": []
                    },
                    "Topics": []
                },
                "catLabels": null
            },
            {
                "name": "CLASS5",
                "label": "CLASS5 Label Internal",
                "description": "VAR2 Description",
                "meta": {
                    "Mnemonic_2011": null,
                    "Default_Classification_Flag": null,
                    "Version": "1",
                    "ONS_Variable": {
                        "Variable_Mnemonic": "VAR2",
                        "Variable_Mnemonic_2011": null,
                        "Version": "1",
                        "Quality_Statement_Text": null,
                        "Quality_Summary_URL": null,
                        "Variable_Title": "VAR2 Title",
                        "Comparability_Comments": "VAR2 Comparability Comments",
                        "Uk_Comparison_Comments": "VAR2 UK Comparison Comments",
                        "Geographic_Theme": null,
                        "Geographic_Coverage": null,
                        "Variable_Type": {
                            "Variable_Type_Code": "DVO",
                            "Variable_Type_Description": "Derived variable"
                        },
                        "Statistical_Unit": null,
                        "Topic": null,
                        "Questions": []
                    },
                    "Topics": []
                },
                "catLabels": null
            },
            {
                "name": "GEO1",
                "label": "GEO1 Title (Welsh)",
                "description": "GEO1 Description (Welsh)",
                "meta": {
                    "Mnemonic_2011": null,
                    "Default_Classification_Flag": null,
                    "Version": "1",
                    "ONS_Variable": {
                        "Variable_Mnemonic": "GEO1",
                        "Variable_Mnemonic_2011": "GEO1 2011",
                        "Version": "1",
                        "Quality_Statement_Text": null,
                        "Quality_Summary_URL": null,
                        "Variable_Title": "GEO1 Title (Welsh)",
                        "Comparability_Comments": "GEO1 Comparability Comments (Welsh)",
                        "Uk_Comparison_Comments": "GEO1 UK Comparison Comments (Welsh)",
                        "Geographic_Theme": "GEO1 Theme (Welsh)",
                        "Geographic_Coverage": "GEO1 Coverage (Welsh)",
                        "Variable_Type": {
                            "Variable_Type_Code": "GEOG",
                            "Variable_Type_Description": "Geographic variable (Welsh)"
                        },
                        "Statistical_Unit": null,
                        "Topic": null,
                        "Questions": []
                    },
                    "Topics": []
                },
                "catLabels": null
            },
            {
                "name": "GEO2",
                "label": "GEO2 Title (Welsh)",
                "description": "GEO2 Description (Welsh)",
                "meta": {
                    "Mnemonic_2011": null,
                    "Default_Classification_Flag": null,
                    "Version": "1",
                    "ONS_Variable": {
                        "Variable_Mnemonic": "GEO2",
                        "Variable_Mnemonic_2011": "GEO2 2011",
                        "Version": "1",
                        "Quality_Statement_Text": null,
                        "Quality_Summary_URL": null,
                        "Variable_Title": "GEO2 Title (Welsh)",
                        "Comparability_Comments": "GEO2 Comparability Comments (Welsh)",
                        "Uk_Comparison_Comments": "GEO2 UK Comparison Comments (Welsh)",
                        "Geographic_Theme": null,
                        "Geographic_Coverage": "GEO2 Coverage (Welsh)",
                        "Variable_Type": {
                            "Variable_Type_Code": "GEOG",
                            "Variable_Type_Description": "Geographic variable (Welsh)"
                        },
                        "Statistical_Unit": null,
                        "Topic": null,
                        "Questions": []
                    },
                    "Topics": []
                },
                "catLabels": null
            },
            {
                "name": "GEO3",
                "label": "GEO3 Title (Welsh)",
                "description": "GEO3 Description (Welsh)",
                "meta": {
                    "Mnemonic_2011": null,
                    "Default_Classification_Flag": null,
                    "Version": "1",
                    "ONS_Variable": {
                        "Variable_Mnemonic": "GEO3",
                        "Variable_Mnemonic_2011": "GEO3 2011",
                        "Version": "1",
                        "Quality_Statement_Text": null,
                        "Quality_Summary_URL": null,
                        "Variable_Title": "GEO3 Title (Welsh)",
                        "Comparability_Comments": "GEO3 Comparability Comments (Welsh)",
                        "Uk_Comparison_Comments": "GEO3 UK Comparison Comments (Welsh)",
                        "Geographic_Theme": "GEO3 Theme (Welsh)",
                        "Geographic_Coverage": "GEO3 Coverage (Welsh)",
                        "Variable_Type": {
                            "Variable_Type_Code": "GEOG",
                            "Variable_Type_Description": "Geographic variable (Welsh)"
                        },
                        "Statistical_Unit": null,
                        "Topic": null,
                        "Questions": []
                    },
                    "Topics": []
                },
                "catLabels": null
            },
            {
                "name": "GEO4",
                "label": "GEO4 Title (Welsh)",
                "description": "GEO4 Description (Welsh)",
                "meta": {
                    "Mnemonic_2011": null,
                    "Default_Classification_Flag": null,
                    "Version": "1",
                    "ONS_Variable": {
                        "Variable_Mnemonic": "GEO4",
                        "Variable_Mnemonic_2011": "GEO4 2011",
                        "Version": "1",
                        "Quality_Statement_Text": null,
                        "Quality_Summary_URL": null,
                        "Variable_Title": "GEO4 Title (Welsh)",
                        "Comparability_Comments": "GEO4 Comparability Comments (Welsh)",
                        "Uk_Comparison_Comments": "GEO4 UK Comparison Comments (Welsh)",
                        "Geographic_Theme": "GEO4 Theme (Welsh)",
                        "Geographic_Coverage": "GEO3 Coverage (Welsh)",
                        "Variable_Type": {
                            "Variable_Type_Code": "GEOG",
                            "Variable_Type_Description": "Geographic variable (Welsh)"
                        },
                        "Statistical_Unit": null,
                        "Topic": null,
                        "Questions": []
                    },
                    "Topics": []
                },
                "catLabels": null
            }
        ]
    },
    {
        "name": "DB1",
        "incl": [
            {
                "name": "base",
                "lang": "en"
            }
        ],
        "label": "DB1 Title",
        "description": "DB1 Description",
        "lang": "en",
        "meta": {
            "Cantabular_DB_Flag": null,
            "Version": "1",
            "Source": {
                "Source_Mnemonic": "SRC1",
                "Copyright_Statement": null,
                "Licence": null,
                "Nationals_Statistic_Certified": null,
                "Methodology_Link": null,
                "SDC_Link": null,
                "Version": "1",
                "Source_Description": "SRC1 Description",
                "Methodology_Statement": null,
                "SDC_Statement": null,
                "Contact": null
            },
            "Lowest_Geog_Variable": "GEO1",
            "Database_Type": {
                "Database_Type_Code": "MICRODATA",
                "Database_Type_Description": "Microdata database"
            }
        },
        "vars": null
    },
    {
        "name": "DB1",
        "incl": [
            {
                "name": "base",
                "lang": "cy"
            }
        ],
        "label": "DB1 Title",
        "description": "DB1 Description",
        "lang": "cy",
        "meta": {
            "Cantabular_DB_Flag": null,
            "Version": "1",
            "Source": {
                "Source_Mnemonic": "SRC1",
                "Copyright_Statement": null,
                "Licence": null,
                "Nationals_Statistic_Certified": null,
                "Methodology_Link": null,
                "SDC_Link": null,
                "Version": "1",
                "Source_Description": "SRC1 Description",
                "Methodology_Statement": null,
                "SDC_Statement": null,
                "Contact": null
            },
            "Lowest_Geog_Variable": "GEO1",
            "Database_Type": {
                "Database_Type_Code": "MICRODATA",
                "Database_Type_Description": "Microdata database"
            }
        },
        "vars": null
    },
    {
        "name": "DB_TAB",
        "incl": [
            {
                "name": "base",
                "lang": "en"
            }
        ],
        "label": "DB_TAB Title",
        "description": "DB_TAB Description",
        "lang": "en",
        "meta": {
            "Cantabular_DB_Flag": null,
            "Version": "1",
            "Source": {
                "Source_Mnemonic": "SRC1",
                "Copyright_Statement": null,
                "Licence": null,
                "Nationals_Statistic_Certified": null,
                "Methodology_Link": null,
                "SDC_Link": null,
                "Version": "1",
                "Source_Description": "SRC1 Description",
                "Methodology_Statement": null,
                "SDC_Statement": null,
                "Contact": null
            },
            "Lowest_Geog_Variable": null,
            "Database_Type": {
                "Database_Type_Code": "AGGDATA",
                "Database_Type_Description": "Tabular database"
            }
        },
        "vars": null
    },
    {
        "name": "DB_TAB",
        "incl": [
            {
                "name": "base",
                "lang": "cy"
            }
        ],
        "label": "DB_TAB Title",
        "description": "DB_TAB Description",
        "lang": "cy",
        "meta": {
            "Cantabular_DB_Flag": null,
            "Version": "1",
            "Source": {
                "Source_Mnemonic": "SRC1",
                "Copyright_Statement": null,
                "Licence": null,
                "Nationals_Statistic_Certified": null,
                "Methodology_Link": null,
                "SDC_Link": null,
                "Version": "1",
                "Source_Description": "SRC1 Description",
                "Methodology_Statement": null,
                "SDC_Statement": null,
                "Contact": null
            },
            "Lowest_Geog_Variable": null,
            "Database_Type": {
                "Database_Type_Code": "AGGDATA",
                "Database_Type_Description": "Tabular database"
            }
        },
        "vars": null
    },
    {
        "name": "DB2",
        "incl": [
            {
                "name": "base",
                "lang": "en"
            }
        ],
        "label": "DB2 Title",
        "description": "DB2 Description",
        "lang": "en",
        "meta": {
            "Cantabular_DB_Flag": null,
            "Version": "1",
            "Source": {
                "Source_Mnemonic": "SRC1",
                "Copyright_Statement": null,
                "Licence": null,
                "Nationals_Statistic_Certified": null,
                "Methodology_Link": null,
                "SDC_Link": null,
                "Version": "1",
                "Source_Description": "SRC1 Description",
                "Methodology_Statement": null,
                "SDC_Statement": null,
                "Contact": null
            },
            "Lowest_Geog_Variable": null,
            "Database_Type": {
                "Database_Type_Code": "MICRODATA",
                "Database_Type_Description": "Microdata database"
            }
        },
        "vars": null
    },
    {
        "name": "DB2",
        "incl": [
            {
                "name": "base",
                "lang": "cy"
            }
        ],
        "label": "DB2 Title",
        "description": "DB2 Description",
        "lang": "cy",
        "meta": {
            "Cantabular_DB_Flag": null,
            "Version": "1",
            "Source": {
                "Source_Mnemonic": "SRC1",
                "Copyright_Statement": null,
                "Licence": null,
                "Nationals_Statistic_Certified": null,
                "Methodology_Link": null,
                "SDC_Link": null,
                "Version": "1",
                "Source_Description": "SRC1 Description",
                "Methodology_Statement": null,
                "SDC_Statement": null,
                "Contact": null
            },
            "Lowest_Geog_Variable": null,
            "Database_Type": {
                "Database_Type_Code": "MICRODATA",
                "Database_Type_Description": "Microdata database"
            }
        },
        "vars": null
    }
]